Removed Pin From Net: NetName=NetJ_Bus_7 Pin=J_SD-1
Removed Pin From Net: NetName=NetJ_Bus_3 Pin=J_SD-2
Removed Pin From Net: NetName=GND Pin=J_SD-3
Change Component Footprint: Designator=J_SD Old Footprint=693063010911 New Footprint=693071020811
Change Component Comment : Designator=J_SD Old Comment=693063010911 New Comment=693071020811
Change Managed Component Library Link : Designator=J_SD Old VaultGUID=B7D15EC3-160A-466F-A46C-7801FE6295A7 New VaultGUID=B7D15EC3-160A-466F-A46C-7801FE6295A7 Old ItemGUID=76DB8E13-7D7F-4163-93A2-ADEE6425AE19 New ItemGUID=3C442BCB-6A8D-40E0-9C52-FF9DFFEF36F2 Old RevisionGUID=2C5737B9-39A0-435B-AC7D-D1A4B13DE17B New RevisionGUID=C0255ECF-8830-4AF2-8B39-A198C58F7B62
Change component parameters: Designator = "J_SD" ("J_SD"); Footprint = "693063010911"; UniqueID = "\BLNCEICO" ("\BLNCEICO")
Change component parameters (AddParameter): Name = "Current Rating"; Value = "500mA"; VariantName = "[No Variations]"
Change component parameters (AddParameter): Name = "Insulation Resistance"; Value = "100MO"; VariantName = "[No Variations]"
Change component parameters (AddParameter): Name = "Max Operating Temperature"; Value = "85°C"; VariantName = "[No Variations]"
Change component parameters (AddParameter): Name = "Min Operating Temperature"; Value = "-40°C"; VariantName = "[No Variations]"
Change component parameters (AddParameter): Name = "NexarPartId"; Value = "107725714"; VariantName = "[No Variations]"
Change component parameters (AddParameter): Name = "Number of Pins"; Value = "8"; VariantName = "[No Variations]"
Change component parameters (AddParameter): Name = "Packaging"; Value = "Tape and Reel"; VariantName = "[No Variations]"
Change component parameters (AddParameter): Name = "RoHS"; Value = "Compliant"; VariantName = "[No Variations]"
Added Pin To Net: NetName=NetJ_Bus_7 Pin=J_SD-2
Added Pin To Net: NetName=NetJ_Bus_3 Pin=J_SD-3
Added Pin To Net: NetName=GND Pin=J_SD-10
Added Pin To Net: NetName=GND Pin=J_SD-11
Added Pin To Net: NetName=GND Pin=J_SD-12
Added Pin To Net: NetName=GND Pin=J_SD-13
