Added Component: Designator=GNSS(Ultimate GPS-Footprint-1)
Add component (AddParameter): Name = "Availability"; Value = ""; VariantName = "[No Variations]"
Add component (AddParameter): Name = "Check_prices"; Value = ""; VariantName = "[No Variations]"
Add component (AddParameter): Name = "Component Type"; Value = ""; VariantName = "[No Variations]"
Add component (AddParameter): Name = "Design Item ID"; Value = ""; VariantName = "[No Variations]"
Add component (AddParameter): Name = "MF"; Value = ""; VariantName = "[No Variations]"
Add component (AddParameter): Name = "MP"; Value = ""; VariantName = "[No Variations]"
Add component (AddParameter): Name = "Package"; Value = ""; VariantName = "[No Variations]"
Add component (AddParameter): Name = "Pin Count"; Value = ""; VariantName = "[No Variations]"
Add component (AddParameter): Name = "Price"; Value = ""; VariantName = "[No Variations]"
Add component (AddParameter): Name = "Purchase-URL"; Value = ""; VariantName = "[No Variations]"
Add component (AddParameter): Name = "SnapEDA_Link"; Value = ""; VariantName = "[No Variations]"
Add component (AddParameter): Name = "Source"; Value = ""; VariantName = "[No Variations]"
Add component (AddParameter): Name = "Value"; Value = ""; VariantName = "[No Variations]"
Added Pin To Net: NetName=GND Pin=GNSS-GND
Added Pin To Net: NetName=3V3 Pin=GNSS-VIN
Added Pin To Net: NetName=NetGNSS_RX Pin=GNSS-RX
Added Pin To Net: NetName=NetGNSS_RX Pin=J_Bus-4
Added Net: Name=NetGNSS_RX
Added Pin To Net: NetName=NetGNSS_TX Pin=GNSS-TX
Added Pin To Net: NetName=NetGNSS_TX Pin=J_Bus-2
Added Net: Name=NetGNSS_TX
Added Member To Class: ClassName=Main Member=Component GNSS Ultimate GPS
Added Member To Class: ClassName=Main Member=Component S_Sync 434781025816
