Removed Pin From Net: NetName=NetCalypso_6 Pin=Q_LEDs-2
Removed Pin From Net: NetName=NetCalypso_5 Pin=Q_LEDs-4
Added Component: Designator=R_Mode3(R_0603)
Add component (AddParameter): Name = "Arrow Part Number"; Value = ""; VariantName = "[No Variations]"
Add component (AddParameter): Name = "Arrow Price/Stock"; Value = ""; VariantName = "[No Variations]"
Add component (AddParameter): Name = "Component Type"; Value = "Standard"; VariantName = "[No Variations]"
Add component (AddParameter): Name = "Design Item ID"; Value = "0603_220R"; VariantName = "[No Variations]"
Add component (AddParameter): Name = "Geometry.Height"; Value = "0.5mm"; VariantName = "[No Variations]"
Add component (AddParameter): Name = "Manufacturer_Name"; Value = "Royalohm"; VariantName = "[No Variations]"
Add component (AddParameter): Name = "Manufacturer_Part_Number"; Value = "0603WAJ0221T5E"; VariantName = "[No Variations]"
Add component (AddParameter): Name = "Mouser Part Number"; Value = ""; VariantName = "[No Variations]"
Add component (AddParameter): Name = "Mouser Price/Stock"; Value = ""; VariantName = "[No Variations]"
Add component (AddParameter): Name = "Pin Count"; Value = "2"; VariantName = "[No Variations]"
Add component (AddParameter): Name = "Source"; Value = "Resistors.SchLib"; VariantName = "[No Variations]"
Added Component: Designator=R_Status3(R_0603)
Add component (AddParameter): Name = "Arrow Part Number"; Value = ""; VariantName = "[No Variations]"
Add component (AddParameter): Name = "Arrow Price/Stock"; Value = ""; VariantName = "[No Variations]"
Add component (AddParameter): Name = "Component Type"; Value = "Standard"; VariantName = "[No Variations]"
Add component (AddParameter): Name = "Design Item ID"; Value = "0603_220R"; VariantName = "[No Variations]"
Add component (AddParameter): Name = "Geometry.Height"; Value = "0.5mm"; VariantName = "[No Variations]"
Add component (AddParameter): Name = "Manufacturer_Name"; Value = "Royalohm"; VariantName = "[No Variations]"
Add component (AddParameter): Name = "Manufacturer_Part_Number"; Value = "0603WAJ0221T5E"; VariantName = "[No Variations]"
Add component (AddParameter): Name = "Mouser Part Number"; Value = ""; VariantName = "[No Variations]"
Add component (AddParameter): Name = "Mouser Price/Stock"; Value = ""; VariantName = "[No Variations]"
Add component (AddParameter): Name = "Pin Count"; Value = "2"; VariantName = "[No Variations]"
Add component (AddParameter): Name = "Source"; Value = "Resistors.SchLib"; VariantName = "[No Variations]"
Added Pin To Net: NetName=NetCalypso_6 Pin=R_Mode3-1
Added Pin To Net: NetName=NetCalypso_5 Pin=R_Status3-1
Added Pin To Net: NetName=NetQ_LEDs_2 Pin=Q_LEDs-2
Added Pin To Net: NetName=NetQ_LEDs_2 Pin=R_Mode3-2
Added Net: Name=NetQ_LEDs_2
Added Pin To Net: NetName=NetQ_LEDs_4 Pin=Q_LEDs-4
Added Pin To Net: NetName=NetQ_LEDs_4 Pin=R_Status3-2
Added Net: Name=NetQ_LEDs_4
Added Member To Class: ClassName=Main Member=Component R_Mode3 0603_220R
Added Member To Class: ClassName=Main Member=Component R_Status3 0603_220R
