Removed Pin From Net: NetName=3V3 Pin=J_AM0-1
Removed Pin From Net: NetName=Net2610011025000_10 Pin=J_AM0-2
Removed Pin From Net: NetName=GND Pin=J_AM0-3
Removed Member From Class: ClassName=Main Member=J_AM0
Change Component Footprint: Designator=J_AppMode0 Old Footprint=66200311022 New Footprint=61300311021
Change Component Footprint: Designator=J_AppMode1 Old Footprint=66200311022 New Footprint=61300311021
Change Component Comment : Designator=J_AppMode0 Old Comment=66200311022 New Comment=61300311021
Change Component Comment : Designator=J_AppMode1 Old Comment=66200311022 New Comment=61300311021
Change Managed Component Library Link : Designator=J_AppMode0 Old VaultGUID=c3f8a947-6515-4cb3-9c3c-af320936b97a New VaultGUID=B7D15EC3-160A-466F-A46C-7801FE6295A7 Old ItemGUID=982BDE05-F57A-4733-9723-4892CE10F27A New ItemGUID=9082748E-87A1-47A0-9FD8-4F54AAC1437B Old RevisionGUID=AEF4BEBE-DC46-49A8-93B2-A4DC0D4C7F7E New RevisionGUID=3E2B47D3-1C6B-41D6-9213-A43C3C72970A
Change Managed Component Library Link : Designator=J_AppMode1 Old VaultGUID=c3f8a947-6515-4cb3-9c3c-af320936b97a New VaultGUID=B7D15EC3-160A-466F-A46C-7801FE6295A7 Old ItemGUID=982BDE05-F57A-4733-9723-4892CE10F27A New ItemGUID=9082748E-87A1-47A0-9FD8-4F54AAC1437B Old RevisionGUID=AEF4BEBE-DC46-49A8-93B2-A4DC0D4C7F7E New RevisionGUID=3E2B47D3-1C6B-41D6-9213-A43C3C72970A
Change component parameters: Designator = "J_AppMode0" ("J_AppMode0"); Footprint = "66200311022"; UniqueID = "\SIFPKIOJ" ("\SIFPKIOJ")
Change component parameters (AddParameter): Name = "Color"; Value = "Black"; VariantName = "[No Variations]"
Change component parameters (AddParameter): Name = "Connector Type"; Value = "Male Pin"; VariantName = "[No Variations]"
Change component parameters (AddParameter): Name = "Contact Material"; Value = "Copper"; VariantName = "[No Variations]"
Change component parameters (AddParameter): Name = "Contact Mating Length"; Value = "5.9944mm"; VariantName = "[No Variations]"
Change component parameters (AddParameter): Name = "Contact Plating"; Value = "Gold"; VariantName = "[No Variations]"
Change component parameters (AddParameter): Name = "Contact Resistance"; Value = "20mO"; VariantName = "[No Variations]"
Change component parameters (AddParameter): Name = "Current Rating"; Value = "3A"; VariantName = "[No Variations]"
Change component parameters (AddParameter): Name = "Gender"; Value = "Male"; VariantName = "[No Variations]"
Change component parameters (AddParameter): Name = "Lead Pitch"; Value = "2.54mm"; VariantName = "[No Variations]"
Change component parameters (AddParameter): Name = "Mount"; Value = "Through Hole"; VariantName = "[No Variations]"
Change component parameters (AddParameter): Name = "NexarPartId"; Value = "32855520"; VariantName = "[No Variations]"
Change component parameters (AddParameter): Name = "Number of Contacts"; Value = "3"; VariantName = "[No Variations]"
Change component parameters (AddParameter): Name = "Number of Pins"; Value = "3"; VariantName = "[No Variations]"
Change component parameters (AddParameter): Name = "Number of Positions"; Value = "3"; VariantName = "[No Variations]"
Change component parameters (AddParameter): Name = "Number of Rows"; Value = "1"; VariantName = "[No Variations]"
Change component parameters (AddParameter): Name = "Operating Supply Voltage"; Value = "250V"; VariantName = "[No Variations]"
Change component parameters (AddParameter): Name = "Packaging"; Value = "Bulk"; VariantName = "[No Variations]"
Change component parameters (AddParameter): Name = "Pitch"; Value = "2.54mm"; VariantName = "[No Variations]"
Change component parameters (AddParameter): Name = "REACH SVHC"; Value = "Unknown"; VariantName = "[No Variations]"
Change component parameters (AddParameter): Name = "RoHS"; Value = "Compliant"; VariantName = "[No Variations]"
Change component parameters (AddParameter): Name = "Termination"; Value = "Solder"; VariantName = "[No Variations]"
Change component parameters: Designator = "J_AppMode1" ("J_AppMode1"); Footprint = "66200311022"; UniqueID = "\KBKAJZOS" ("\KBKAJZOS")
Change component parameters (AddParameter): Name = "Color"; Value = "Black"; VariantName = "[No Variations]"
Change component parameters (AddParameter): Name = "Connector Type"; Value = "Male Pin"; VariantName = "[No Variations]"
Change component parameters (AddParameter): Name = "Contact Material"; Value = "Copper"; VariantName = "[No Variations]"
Change component parameters (AddParameter): Name = "Contact Mating Length"; Value = "5.9944mm"; VariantName = "[No Variations]"
Change component parameters (AddParameter): Name = "Contact Plating"; Value = "Gold"; VariantName = "[No Variations]"
Change component parameters (AddParameter): Name = "Contact Resistance"; Value = "20mO"; VariantName = "[No Variations]"
Change component parameters (AddParameter): Name = "Current Rating"; Value = "3A"; VariantName = "[No Variations]"
Change component parameters (AddParameter): Name = "Gender"; Value = "Male"; VariantName = "[No Variations]"
Change component parameters (AddParameter): Name = "Lead Pitch"; Value = "2.54mm"; VariantName = "[No Variations]"
Change component parameters (AddParameter): Name = "Mount"; Value = "Through Hole"; VariantName = "[No Variations]"
Change component parameters (AddParameter): Name = "NexarPartId"; Value = "32855520"; VariantName = "[No Variations]"
Change component parameters (AddParameter): Name = "Number of Contacts"; Value = "3"; VariantName = "[No Variations]"
Change component parameters (AddParameter): Name = "Number of Pins"; Value = "3"; VariantName = "[No Variations]"
Change component parameters (AddParameter): Name = "Number of Positions"; Value = "3"; VariantName = "[No Variations]"
Change component parameters (AddParameter): Name = "Number of Rows"; Value = "1"; VariantName = "[No Variations]"
Change component parameters (AddParameter): Name = "Operating Supply Voltage"; Value = "250V"; VariantName = "[No Variations]"
Change component parameters (AddParameter): Name = "Packaging"; Value = "Bulk"; VariantName = "[No Variations]"
Change component parameters (AddParameter): Name = "Pitch"; Value = "2.54mm"; VariantName = "[No Variations]"
Change component parameters (AddParameter): Name = "REACH SVHC"; Value = "Unknown"; VariantName = "[No Variations]"
Change component parameters (AddParameter): Name = "RoHS"; Value = "Compliant"; VariantName = "[No Variations]"
Change component parameters (AddParameter): Name = "Termination"; Value = "Solder"; VariantName = "[No Variations]"
